
> react-typescript-starter@0.1.0 test
> react-scripts test --coverage

Browserslist: caniuse-lite is outdated. Please run:
  npx browserslist@latest --update-db
  Why you should do it regularly: https://github.com/browserslist/browserslist#browsers-data-updating
  console.error
    Error: Uncaught [Error: Cannot find module './images/UDormLogo.png' from 'src/App.tsx']
        at reportException (/home/runner/work/final-project-start/final-project-start/node_modules/jsdom/lib/jsdom/living/helpers/runtime-script-errors.js:66:24)
        at innerInvokeEventListeners (/home/runner/work/final-project-start/final-project-start/node_modules/jsdom/lib/jsdom/living/events/EventTarget-impl.js:341:9)
        at invokeEventListeners (/home/runner/work/final-project-start/final-project-start/node_modules/jsdom/lib/jsdom/living/events/EventTarget-impl.js:274:3)
        at HTMLUnknownElementImpl._dispatch (/home/runner/work/final-project-start/final-project-start/node_modules/jsdom/lib/jsdom/living/events/EventTarget-impl.js:221:9)
        at HTMLUnknownElementImpl.dispatchEvent (/home/runner/work/final-project-start/final-project-start/node_modules/jsdom/lib/jsdom/living/events/EventTarget-impl.js:94:17)
        at HTMLUnknownElement.dispatchEvent (/home/runner/work/final-project-start/final-project-start/node_modules/jsdom/lib/jsdom/living/generated/EventTarget.js:231:34)
        at Object.invokeGuardedCallbackDev (/home/runner/work/final-project-start/final-project-start/node_modules/react-dom/cjs/react-dom.development.js:3994:16)
        at invokeGuardedCallback (/home/runner/work/final-project-start/final-project-start/node_modules/react-dom/cjs/react-dom.development.js:4056:31)
        at beginWork$1 (/home/runner/work/final-project-start/final-project-start/node_modules/react-dom/cjs/react-dom.development.js:23964:7)
        at performUnitOfWork (/home/runner/work/final-project-start/final-project-start/node_modules/react-dom/cjs/react-dom.development.js:22779:12) ModuleNotFoundError: Cannot find module './images/UDormLogo.png' from 'src/App.tsx'
        at Resolver.resolveModule (/home/runner/work/final-project-start/final-project-start/node_modules/jest-resolve/build/resolver.js:324:11)
        at Resolver._getVirtualMockPath (/home/runner/work/final-project-start/final-project-start/node_modules/jest-resolve/build/resolver.js:471:14)
        at Resolver._getAbsolutePath (/home/runner/work/final-project-start/final-project-start/node_modules/jest-resolve/build/resolver.js:457:14)
        at Resolver.getModuleID (/home/runner/work/final-project-start/final-project-start/node_modules/jest-resolve/build/resolver.js:424:31)
        at Runtime._shouldMock (/home/runner/work/final-project-start/final-project-start/node_modules/jest-runtime/build/index.js:1917:37)
        at Runtime.require [as requireModuleOrMock] (/home/runner/work/final-project-start/final-project-start/node_modules/jest-runtime/build/index.js:1204:14)
        at App (/home/runner/work/final-project-start/final-project-start/src/App.tsx:13:38)
        at renderWithHooks (/home/runner/work/final-project-start/final-project-start/node_modules/react-dom/cjs/react-dom.development.js:14985:18)
        at mountIndeterminateComponent (/home/runner/work/final-project-start/final-project-start/node_modules/react-dom/cjs/react-dom.development.js:17811:13)
        at beginWork (/home/runner/work/final-project-start/final-project-start/node_modules/react-dom/cjs/react-dom.development.js:19049:16) {
      code: 'MODULE_NOT_FOUND',
      hint: '',
      requireStack: undefined,
      siblingWithSimilarExtensionFound: false,
      moduleName: './images/UDormLogo.png',
      _originalMessage: "Cannot find module './images/UDormLogo.png' from 'src/App.tsx'"
    }

      at VirtualConsole.<anonymous> (node_modules/jsdom/lib/jsdom/virtual-console.js:29:45)
      at reportException (node_modules/jsdom/lib/jsdom/living/helpers/runtime-script-errors.js:70:28)
      at innerInvokeEventListeners (node_modules/jsdom/lib/jsdom/living/events/EventTarget-impl.js:341:9)
      at invokeEventListeners (node_modules/jsdom/lib/jsdom/living/events/EventTarget-impl.js:274:3)
      at HTMLUnknownElementImpl._dispatch (node_modules/jsdom/lib/jsdom/living/events/EventTarget-impl.js:221:9)
      at HTMLUnknownElementImpl.dispatchEvent (node_modules/jsdom/lib/jsdom/living/events/EventTarget-impl.js:94:17)

  console.error
    The above error occurred in the <App> component:
    
        at App (/home/runner/work/final-project-start/final-project-start/src/App.tsx:13:38)
    
    Consider adding an error boundary to your tree to customize error handling behavior.
    Visit https://reactjs.org/link/error-boundaries to learn more about error boundaries.

      at logCapturedError (node_modules/react-dom/cjs/react-dom.development.js:20085:23)
      at update.callback (node_modules/react-dom/cjs/react-dom.development.js:20118:5)
      at callCallback (node_modules/react-dom/cjs/react-dom.development.js:12318:12)
      at commitUpdateQueue (node_modules/react-dom/cjs/react-dom.development.js:12339:9)
      at commitLifeCycles (node_modules/react-dom/cjs/react-dom.development.js:20736:11)
      at commitLayoutEffects (node_modules/react-dom/cjs/react-dom.development.js:23426:7)
      at HTMLUnknownElement.callCallback (node_modules/react-dom/cjs/react-dom.development.js:3945:14)

FAIL src/App.test.tsx
  ✕ renders the course name somewhere (52 ms)

  ● renders the course name somewhere

    Cannot find module './images/UDormLogo.png' from 'src/App.tsx'

      11 |                         <Col>
      12 |                             <img
    > 13 |                                 src={require("./images/UDormLogo.png")}
         |                                      ^
      14 |                                 width="150"
      15 |                                 height="100"
      16 |                             />

      at Resolver.resolveModule (node_modules/jest-resolve/build/resolver.js:324:11)
      at App (src/App.tsx:13:38)
      at renderWithHooks (node_modules/react-dom/cjs/react-dom.development.js:14985:18)
      at mountIndeterminateComponent (node_modules/react-dom/cjs/react-dom.development.js:17811:13)
      at beginWork (node_modules/react-dom/cjs/react-dom.development.js:19049:16)

----------------------|---------|----------|---------|---------|-------------------
File                  | % Stmts | % Branch | % Funcs | % Lines | Uncovered Line #s 
----------------------|---------|----------|---------|---------|-------------------
All files             |     0.6 |        0 |    1.88 |    0.63 |                   
 src                  |    0.94 |        0 |    3.03 |    0.98 |                   
  App.tsx             |     100 |      100 |     100 |     100 |                   
  Board.tsx           |       0 |        0 |       0 |       0 | 7-36              
  BoardSquare.tsx     |       0 |        0 |       0 |       0 | 13-26             
  Layout.tsx          |       0 |        0 |       0 |       0 | 20-214            
  Overlay.tsx         |       0 |      100 |       0 |       0 | 7-8               
  Pic.tsx             |       0 |        0 |       0 |       0 | 5-13              
  Square.tsx          |       0 |        0 |       0 |       0 | 8-12              
  constants.ts        |       0 |      100 |     100 |       0 | 1                 
  game.ts             |       0 |        0 |       0 |       0 | 3-28              
 src/Interfaces       |       0 |        0 |       0 |       0 |                   
  room.ts             |       0 |        0 |       0 |       0 |                   
 src/components       |       0 |        0 |       0 |       0 |                   
  CBoard.tsx          |       0 |        0 |       0 |       0 | 23-61             
  ItemTransformer.tsx |       0 |        0 |       0 |       0 | 14-115            
  Lister.tsx          |       0 |      100 |       0 |       0 | 5-6               
  RevealAnswer.tsx    |       0 |        0 |       0 |       0 | 7-19              
  Task.ts             |       0 |        0 |       0 |       0 |                   
  card.ts             |       0 |        0 |       0 |       0 |                   
  data.ts             |       0 |      100 |     100 |       0 | 3-42              
----------------------|---------|----------|---------|---------|-------------------
Test Suites: 1 failed, 1 total
Tests:       1 failed, 1 total
Snapshots:   0 total
Time:        2.877 s
Ran all test suites.
